running egg_info
creating ../build/sudo_pspsps/sudo_pspsps.egg-info
writing ../build/sudo_pspsps/sudo_pspsps.egg-info/PKG-INFO
writing dependency_links to ../build/sudo_pspsps/sudo_pspsps.egg-info/dependency_links.txt
writing entry points to ../build/sudo_pspsps/sudo_pspsps.egg-info/entry_points.txt
writing requirements to ../build/sudo_pspsps/sudo_pspsps.egg-info/requires.txt
writing top-level names to ../build/sudo_pspsps/sudo_pspsps.egg-info/top_level.txt
writing manifest file '../build/sudo_pspsps/sudo_pspsps.egg-info/SOURCES.txt'
reading manifest file '../build/sudo_pspsps/sudo_pspsps.egg-info/SOURCES.txt'
writing manifest file '../build/sudo_pspsps/sudo_pspsps.egg-info/SOURCES.txt'
running build
running build_py
creating /home/ri-one/ri_one_master_ws/SudoPsPsPs/build/sudo_pspsps/build
creating /home/ri-one/ri_one_master_ws/SudoPsPsPs/build/sudo_pspsps/build/lib
creating /home/ri-one/ri_one_master_ws/SudoPsPsPs/build/sudo_pspsps/build/lib/sudo_pspsps
copying sudo_pspsps/__init__.py -> /home/ri-one/ri_one_master_ws/SudoPsPsPs/build/sudo_pspsps/build/lib/sudo_pspsps
copying sudo_pspsps/head_node.py -> /home/ri-one/ri_one_master_ws/SudoPsPsPs/build/sudo_pspsps/build/lib/sudo_pspsps
running install
running install_lib
creating /home/ri-one/ri_one_master_ws/SudoPsPsPs/install/sudo_pspsps/lib/python3.10/site-packages/sudo_pspsps
copying /home/ri-one/ri_one_master_ws/SudoPsPsPs/build/sudo_pspsps/build/lib/sudo_pspsps/__init__.py -> /home/ri-one/ri_one_master_ws/SudoPsPsPs/install/sudo_pspsps/lib/python3.10/site-packages/sudo_pspsps
copying /home/ri-one/ri_one_master_ws/SudoPsPsPs/build/sudo_pspsps/build/lib/sudo_pspsps/head_node.py -> /home/ri-one/ri_one_master_ws/SudoPsPsPs/install/sudo_pspsps/lib/python3.10/site-packages/sudo_pspsps
byte-compiling /home/ri-one/ri_one_master_ws/SudoPsPsPs/install/sudo_pspsps/lib/python3.10/site-packages/sudo_pspsps/__init__.py to __init__.cpython-310.pyc
byte-compiling /home/ri-one/ri_one_master_ws/SudoPsPsPs/install/sudo_pspsps/lib/python3.10/site-packages/sudo_pspsps/head_node.py to head_node.cpython-310.pyc
running install_data
creating /home/ri-one/ri_one_master_ws/SudoPsPsPs/install/sudo_pspsps/share/ament_index
creating /home/ri-one/ri_one_master_ws/SudoPsPsPs/install/sudo_pspsps/share/ament_index/resource_index
creating /home/ri-one/ri_one_master_ws/SudoPsPsPs/install/sudo_pspsps/share/ament_index/resource_index/packages
copying resource/sudo_pspsps -> /home/ri-one/ri_one_master_ws/SudoPsPsPs/install/sudo_pspsps/share/ament_index/resource_index/packages
copying package.xml -> /home/ri-one/ri_one_master_ws/SudoPsPsPs/install/sudo_pspsps/share/sudo_pspsps
running install_egg_info
Copying ../build/sudo_pspsps/sudo_pspsps.egg-info to /home/ri-one/ri_one_master_ws/SudoPsPsPs/install/sudo_pspsps/lib/python3.10/site-packages/sudo_pspsps-0.0.0-py3.10.egg-info
running install_scripts
Installing head_node script to /home/ri-one/ri_one_master_ws/SudoPsPsPs/install/sudo_pspsps/lib/sudo_pspsps
writing list of installed files to '/home/ri-one/ri_one_master_ws/SudoPsPsPs/build/sudo_pspsps/install.log'
