[0.648s] Invoking command in '/home/ri-one/ri_one_master_ws/SudoPsPsPs/sudo_pspsps': PYTHONPATH=/home/ri-one/ri_one_master_ws/SudoPsPsPs/build/sudo_pspsps/prefix_override:/usr/lib/python3/dist-packages/colcon_core/task/python/colcon_distutils_commands:/home/ri-one/ri_one_master_ws/SudoPsPsPs/install/sudo_pspsps/lib/python3.10/site-packages:${PYTHONPATH} /usr/bin/python3 -W ignore:setup.py install is deprecated -W ignore:easy_install command is deprecated setup.py egg_info --egg-base ../build/sudo_pspsps build --build-base /home/ri-one/ri_one_master_ws/SudoPsPsPs/build/sudo_pspsps/build install --record /home/ri-one/ri_one_master_ws/SudoPsPsPs/build/sudo_pspsps/install.log --single-version-externally-managed install_data
[0.845s] running egg_info
[0.846s] creating ../build/sudo_pspsps/sudo_pspsps.egg-info
[0.846s] writing ../build/sudo_pspsps/sudo_pspsps.egg-info/PKG-INFO
[0.846s] writing dependency_links to ../build/sudo_pspsps/sudo_pspsps.egg-info/dependency_links.txt
[0.846s] writing entry points to ../build/sudo_pspsps/sudo_pspsps.egg-info/entry_points.txt
[0.846s] writing requirements to ../build/sudo_pspsps/sudo_pspsps.egg-info/requires.txt
[0.846s] writing top-level names to ../build/sudo_pspsps/sudo_pspsps.egg-info/top_level.txt
[0.846s] writing manifest file '../build/sudo_pspsps/sudo_pspsps.egg-info/SOURCES.txt'
[0.847s] reading manifest file '../build/sudo_pspsps/sudo_pspsps.egg-info/SOURCES.txt'
[0.848s] writing manifest file '../build/sudo_pspsps/sudo_pspsps.egg-info/SOURCES.txt'
[0.848s] running build
[0.848s] running build_py
[0.848s] creating /home/ri-one/ri_one_master_ws/SudoPsPsPs/build/sudo_pspsps/build
[0.848s] creating /home/ri-one/ri_one_master_ws/SudoPsPsPs/build/sudo_pspsps/build/lib
[0.848s] creating /home/ri-one/ri_one_master_ws/SudoPsPsPs/build/sudo_pspsps/build/lib/sudo_pspsps
[0.848s] copying sudo_pspsps/__init__.py -> /home/ri-one/ri_one_master_ws/SudoPsPsPs/build/sudo_pspsps/build/lib/sudo_pspsps
[0.848s] copying sudo_pspsps/head_node.py -> /home/ri-one/ri_one_master_ws/SudoPsPsPs/build/sudo_pspsps/build/lib/sudo_pspsps
[0.848s] running install
[0.848s] running install_lib
[0.849s] creating /home/ri-one/ri_one_master_ws/SudoPsPsPs/install/sudo_pspsps/lib/python3.10/site-packages/sudo_pspsps
[0.849s] copying /home/ri-one/ri_one_master_ws/SudoPsPsPs/build/sudo_pspsps/build/lib/sudo_pspsps/__init__.py -> /home/ri-one/ri_one_master_ws/SudoPsPsPs/install/sudo_pspsps/lib/python3.10/site-packages/sudo_pspsps
[0.849s] copying /home/ri-one/ri_one_master_ws/SudoPsPsPs/build/sudo_pspsps/build/lib/sudo_pspsps/head_node.py -> /home/ri-one/ri_one_master_ws/SudoPsPsPs/install/sudo_pspsps/lib/python3.10/site-packages/sudo_pspsps
[0.849s] byte-compiling /home/ri-one/ri_one_master_ws/SudoPsPsPs/install/sudo_pspsps/lib/python3.10/site-packages/sudo_pspsps/__init__.py to __init__.cpython-310.pyc
[0.849s] byte-compiling /home/ri-one/ri_one_master_ws/SudoPsPsPs/install/sudo_pspsps/lib/python3.10/site-packages/sudo_pspsps/head_node.py to head_node.cpython-310.pyc
[0.850s] running install_data
[0.850s] creating /home/ri-one/ri_one_master_ws/SudoPsPsPs/install/sudo_pspsps/share/ament_index
[0.850s] creating /home/ri-one/ri_one_master_ws/SudoPsPsPs/install/sudo_pspsps/share/ament_index/resource_index
[0.850s] creating /home/ri-one/ri_one_master_ws/SudoPsPsPs/install/sudo_pspsps/share/ament_index/resource_index/packages
[0.850s] copying resource/sudo_pspsps -> /home/ri-one/ri_one_master_ws/SudoPsPsPs/install/sudo_pspsps/share/ament_index/resource_index/packages
[0.850s] copying package.xml -> /home/ri-one/ri_one_master_ws/SudoPsPsPs/install/sudo_pspsps/share/sudo_pspsps
[0.850s] running install_egg_info
[0.852s] Copying ../build/sudo_pspsps/sudo_pspsps.egg-info to /home/ri-one/ri_one_master_ws/SudoPsPsPs/install/sudo_pspsps/lib/python3.10/site-packages/sudo_pspsps-0.0.0-py3.10.egg-info
[0.852s] running install_scripts
[0.868s] Installing head_node script to /home/ri-one/ri_one_master_ws/SudoPsPsPs/install/sudo_pspsps/lib/sudo_pspsps
[0.869s] writing list of installed files to '/home/ri-one/ri_one_master_ws/SudoPsPsPs/build/sudo_pspsps/install.log'
[0.883s] Invoked command in '/home/ri-one/ri_one_master_ws/SudoPsPsPs/sudo_pspsps' returned '0': PYTHONPATH=/home/ri-one/ri_one_master_ws/SudoPsPsPs/build/sudo_pspsps/prefix_override:/usr/lib/python3/dist-packages/colcon_core/task/python/colcon_distutils_commands:/home/ri-one/ri_one_master_ws/SudoPsPsPs/install/sudo_pspsps/lib/python3.10/site-packages:${PYTHONPATH} /usr/bin/python3 -W ignore:setup.py install is deprecated -W ignore:easy_install command is deprecated setup.py egg_info --egg-base ../build/sudo_pspsps build --build-base /home/ri-one/ri_one_master_ws/SudoPsPsPs/build/sudo_pspsps/build install --record /home/ri-one/ri_one_master_ws/SudoPsPsPs/build/sudo_pspsps/install.log --single-version-externally-managed install_data
