[0.617s] Invoking command in '/home/ri-one/ri_one_master_ws/SudoPsPsPs/sudo_pspsps': PYTHONPATH=/home/ri-one/ri_one_master_ws/SudoPsPsPs/build/sudo_pspsps/prefix_override:/usr/lib/python3/dist-packages/colcon_core/task/python/colcon_distutils_commands:/home/ri-one/ri_one_master_ws/SudoPsPsPs/install/sudo_pspsps/lib/python3.10/site-packages:${PYTHONPATH} /usr/bin/python3 -W ignore:setup.py install is deprecated -W ignore:easy_install command is deprecated setup.py egg_info --egg-base ../build/sudo_pspsps build --build-base /home/ri-one/ri_one_master_ws/SudoPsPsPs/build/sudo_pspsps/build install --record /home/ri-one/ri_one_master_ws/SudoPsPsPs/build/sudo_pspsps/install.log --single-version-externally-managed install_data
[0.836s] running egg_info
[0.837s] writing ../build/sudo_pspsps/sudo_pspsps.egg-info/PKG-INFO
[0.837s] writing dependency_links to ../build/sudo_pspsps/sudo_pspsps.egg-info/dependency_links.txt
[0.837s] writing entry points to ../build/sudo_pspsps/sudo_pspsps.egg-info/entry_points.txt
[0.837s] writing requirements to ../build/sudo_pspsps/sudo_pspsps.egg-info/requires.txt
[0.837s] writing top-level names to ../build/sudo_pspsps/sudo_pspsps.egg-info/top_level.txt
[0.838s] reading manifest file '../build/sudo_pspsps/sudo_pspsps.egg-info/SOURCES.txt'
[0.839s] writing manifest file '../build/sudo_pspsps/sudo_pspsps.egg-info/SOURCES.txt'
[0.839s] running build
[0.839s] running build_py
[0.839s] copying sudo_pspsps/dynamixel_driver.py -> /home/ri-one/ri_one_master_ws/SudoPsPsPs/build/sudo_pspsps/build/lib/sudo_pspsps
[0.839s] copying sudo_pspsps/head_node.py -> /home/ri-one/ri_one_master_ws/SudoPsPsPs/build/sudo_pspsps/build/lib/sudo_pspsps
[0.839s] copying sudo_pspsps/hardware_test.py -> /home/ri-one/ri_one_master_ws/SudoPsPsPs/build/sudo_pspsps/build/lib/sudo_pspsps
[0.839s] running install
[0.840s] running install_lib
[0.840s] copying /home/ri-one/ri_one_master_ws/SudoPsPsPs/build/sudo_pspsps/build/lib/sudo_pspsps/dynamixel_driver.py -> /home/ri-one/ri_one_master_ws/SudoPsPsPs/install/sudo_pspsps/lib/python3.10/site-packages/sudo_pspsps
[0.840s] copying /home/ri-one/ri_one_master_ws/SudoPsPsPs/build/sudo_pspsps/build/lib/sudo_pspsps/head_node.py -> /home/ri-one/ri_one_master_ws/SudoPsPsPs/install/sudo_pspsps/lib/python3.10/site-packages/sudo_pspsps
[0.840s] copying /home/ri-one/ri_one_master_ws/SudoPsPsPs/build/sudo_pspsps/build/lib/sudo_pspsps/hardware_test.py -> /home/ri-one/ri_one_master_ws/SudoPsPsPs/install/sudo_pspsps/lib/python3.10/site-packages/sudo_pspsps
[0.841s] byte-compiling /home/ri-one/ri_one_master_ws/SudoPsPsPs/install/sudo_pspsps/lib/python3.10/site-packages/sudo_pspsps/dynamixel_driver.py to dynamixel_driver.cpython-310.pyc
[0.842s] byte-compiling /home/ri-one/ri_one_master_ws/SudoPsPsPs/install/sudo_pspsps/lib/python3.10/site-packages/sudo_pspsps/head_node.py to head_node.cpython-310.pyc
[0.842s] byte-compiling /home/ri-one/ri_one_master_ws/SudoPsPsPs/install/sudo_pspsps/lib/python3.10/site-packages/sudo_pspsps/hardware_test.py to hardware_test.cpython-310.pyc
[0.842s] running install_data
[0.842s] running install_egg_info
[0.844s] removing '/home/ri-one/ri_one_master_ws/SudoPsPsPs/install/sudo_pspsps/lib/python3.10/site-packages/sudo_pspsps-0.0.0-py3.10.egg-info' (and everything under it)
[0.844s] Copying ../build/sudo_pspsps/sudo_pspsps.egg-info to /home/ri-one/ri_one_master_ws/SudoPsPsPs/install/sudo_pspsps/lib/python3.10/site-packages/sudo_pspsps-0.0.0-py3.10.egg-info
[0.845s] running install_scripts
[0.864s] Installing head_node script to /home/ri-one/ri_one_master_ws/SudoPsPsPs/install/sudo_pspsps/lib/sudo_pspsps
[0.864s] writing list of installed files to '/home/ri-one/ri_one_master_ws/SudoPsPsPs/build/sudo_pspsps/install.log'
[0.880s] Invoked command in '/home/ri-one/ri_one_master_ws/SudoPsPsPs/sudo_pspsps' returned '0': PYTHONPATH=/home/ri-one/ri_one_master_ws/SudoPsPsPs/build/sudo_pspsps/prefix_override:/usr/lib/python3/dist-packages/colcon_core/task/python/colcon_distutils_commands:/home/ri-one/ri_one_master_ws/SudoPsPsPs/install/sudo_pspsps/lib/python3.10/site-packages:${PYTHONPATH} /usr/bin/python3 -W ignore:setup.py install is deprecated -W ignore:easy_install command is deprecated setup.py egg_info --egg-base ../build/sudo_pspsps build --build-base /home/ri-one/ri_one_master_ws/SudoPsPsPs/build/sudo_pspsps/build install --record /home/ri-one/ri_one_master_ws/SudoPsPsPs/build/sudo_pspsps/install.log --single-version-externally-managed install_data
